<html>
<body>
<pre>
<h1>礦ision Build Log</h1>
<h2>Tool Versions:</h2>
IDE-Version: μVision V5.26.2.0
Copyright (C) 2018 ARM Ltd and ARM Germany GmbH. All rights reserved.
License Information: 永利 姜, Shoulder, LIC=MPP74-F2FY9-FI352-9KBKN-RR77F-TMXIS
 
Tool Versions:
Toolchain:       MDK-ARM Plus  Version: 5.26.2.0
Toolchain Path:  D:\Program Files\Keil_V5\ARM\ARMCC\Bin
C Compiler:      Armcc.exe V5.06 update 6 (build 750)
Assembler:       Armasm.exe V5.06 update 6 (build 750)
Linker/Locator:  ArmLink.exe V5.06 update 6 (build 750)
Library Manager: ArmAr.exe V5.06 update 6 (build 750)
Hex Converter:   FromElf.exe V5.06 update 6 (build 750)
CPU DLL:         SARMCM3.DLL V5.26.2.0
Dialog DLL:      DARMSTM.DLL V1.68.0.0
Target DLL:      STLink\ST-LINKIII-KEIL_SWO.dll V3.0.5.0
Dialog DLL:      DARMSTM.DLL V1.68.0.0
 
<h2>Project:</h2>
D:\MCUWorkspace\modbus\Projects\modbus.uvprojx
Project File Date:  12/24/2019

<h2>Output:</h2>
*** Using Compiler 'V5.06 update 6 (build 750)', folder: 'D:\Program Files\Keil_V5\ARM\ARMCC\Bin'
Build target 'modbus'
creating preprocessor file for main.c...
creating preprocessor file for bsp.c...
creating preprocessor file for bsp_usartx.c...
compiling main.c...
creating preprocessor file for bsp_dma.c...
compiling bsp.c...
..\App\bsp.c(26): warning:  #1-D: last line of file ends without a newline
  }
..\App\bsp.c: 1 warning, 0 errors
creating preprocessor file for bsp_timer.c...
compiling bsp_usartx.c...
..\bsp_driver\src\bsp_usartx.c(11): warning:  #177-D: variable "g_TxBuf1"  was declared but never referenced
  static char g_TxBuf1[UART1_TX_BUF_SIZE];		/* 发送缓冲区 */
..\bsp_driver\src\bsp_usartx.c(12): warning:  #177-D: variable "g_RxBuf1"  was declared but never referenced
  static char g_RxBuf1[UART1_RX_BUF_SIZE];		/* 接收缓冲区 */
..\bsp_driver\src\bsp_usartx.c: 2 warnings, 0 errors
creating preprocessor file for bsp_rs485.c...
compiling bsp_dma.c...
..\bsp_driver\src\bsp_dma.c(131): warning:  #223-D: function "printf" declared implicitly
  		printf("dma recv ok");
..\bsp_driver\src\bsp_dma.c: 1 warning, 0 errors
creating preprocessor file for bsp_led.c...
creating preprocessor file for modbus_host.c...
compiling bsp_timer.c...
creating preprocessor file for modbus_slave.c...
compiling bsp_rs485.c...
compiling bsp_led.c...
..\bsp_hardware\src\bsp_led.c(32): warning:  #177-D: variable "CCR4_Val"  was declared but never referenced
      uint16_t CCR4_Val = 1000;
..\bsp_hardware\src\bsp_led.c(92): warning:  #223-D: function "printf" declared implicitly
  	printf("led_demo");
..\bsp_hardware\src\bsp_led.c(93): warning:  #1-D: last line of file ends without a newline
  }
..\bsp_hardware\src\bsp_led.c: 3 warnings, 0 errors
creating preprocessor file for bsp_modbus_crc16.c...
compiling modbus_host.c...
..\protocol\src\modbus_host.c(240): warning:  #177-D: variable "p"  was declared but never referenced
      uint8_t *p;
..\protocol\src\modbus_host.c(280): warning:  #177-D: variable "i"  was declared but never referenced
      uint8_t bytes,i;
..\protocol\src\modbus_host.c(281): warning:  #550-D: variable "p"  was set but never used
      uint8_t *p;
..\protocol\src\modbus_host.c(251): warning:  #177-D: function "MODH_Read_02H"  was declared but never referenced
  static void MODH_Read_02H(void)
..\protocol\src\modbus_host.c(255): warning:  #177-D: function "MODH_Read_03H"  was declared but never referenced
  static void MODH_Read_03H(void)
..\protocol\src\modbus_host.c: 5 warnings, 0 errors
creating preprocessor file for bsp_dataconvert.c...
compiling modbus_slave.c...
..\protocol\src\modbus_slave.c(118): warning:  #177-D: function "MODS_ReadRegValue"  was declared but never referenced
  static uint8_t MODS_ReadRegValue(uint16_t reg_addr, uint8_t *reg_value)
..\protocol\src\modbus_slave.c: 1 warning, 0 errors
creating preprocessor file for misc.c...
compiling bsp_modbus_crc16.c...
creating preprocessor file for stm32f10x_bkp.c...
compiling bsp_dataconvert.c...
creating preprocessor file for stm32f10x_dma.c...
compiling misc.c...
compiling stm32f10x_bkp.c...
creating preprocessor file for stm32f10x_exti.c...
creating preprocessor file for stm32f10x_flash.c...
compiling stm32f10x_dma.c...
creating preprocessor file for stm32f10x_gpio.c...
compiling stm32f10x_exti.c...
creating preprocessor file for stm32f10x_iwdg.c...
compiling stm32f10x_flash.c...
creating preprocessor file for stm32f10x_pwr.c...
compiling stm32f10x_gpio.c...
creating preprocessor file for stm32f10x_rcc.c...
compiling stm32f10x_iwdg.c...
creating preprocessor file for stm32f10x_rtc.c...
compiling stm32f10x_pwr.c...
creating preprocessor file for stm32f10x_tim.c...
compiling stm32f10x_rcc.c...
creating preprocessor file for stm32f10x_usart.c...
compiling stm32f10x_rtc.c...
assembling startup_stm32f10x_hd.s...
creating preprocessor file for system_stm32f10x.c...
compiling stm32f10x_tim.c...
compiling stm32f10x_usart.c...
compiling system_stm32f10x.c...
linking...
Program Size: Code=7156 RO-data=848 RW-data=136 ZI-data=3232  
FromELF: creating hex file...
".\Objects\modbus.axf" - 0 Error(s), 13 Warning(s).

<h2>Software Packages used:</h2>

Package Vendor: ARM
                http://www.keil.com/pack/ARM.CMSIS.5.6.0.pack
                ARM.CMSIS.5.6.0
                CMSIS (Cortex Microcontroller Software Interface Standard)
   * Component: CORE Version: 5.3.0

Package Vendor: Keil
                http://www.keil.com/pack/Keil.STM32F1xx_DFP.2.3.0.pack
                Keil.STM32F1xx_DFP.2.3.0
                STMicroelectronics STM32F1 Series Device Support, Drivers and Examples
   * Component: Startup Version: 1.0.0
   * Component: BKP Version: 3.5.0
   * Component: DMA Version: 3.5.0
   * Component: EXTI Version: 3.5.0
   * Component: Flash Version: 3.5.0
   * Component: Framework Version: 3.5.1
   * Component: GPIO Version: 3.5.0
   * Component: IWDG Version: 3.5.0
   * Component: PWR Version: 3.5.0
   * Component: RCC Version: 3.5.0
   * Component: RTC Version: 3.5.0
   * Component: TIM Version: 3.5.0
   * Component: USART Version: 3.5.0

<h2>Collection of Component include folders:</h2>
  .\RTE\Device\STM32F103RC
  .\RTE\_modbus
  D:\Program Files\Keil_V5\ARM\PACK\ARM\CMSIS\5.6.0\CMSIS\Core\Include
  D:\Program Files\Keil_V5\ARM\PACK\Keil\STM32F1xx_DFP\2.3.0\Device\Include
  D:\Program Files\Keil_V5\ARM\PACK\Keil\STM32F1xx_DFP\2.3.0\Device\StdPeriph_Driver\inc

<h2>Collection of Component Files used:</h2>

   * Component: ARM::CMSIS:CORE:5.3.0

   * Component: Keil::Device:Startup:1.0.0
      Source file:   Device\Source\ARM\startup_stm32f10x_hd.s
      Source file:   Device\Source\ARM\STM32F1xx_OPT.s
      Source file:   Device\Source\system_stm32f10x.c
      Include file:  RTE_Driver\Config\RTE_Device.h

   * Component: Keil::Device:StdPeriph Drivers:BKP:3.5.0
      Include file:  Device\StdPeriph_Driver\inc\stm32f10x_bkp.h
      Source file:   Device\StdPeriph_Driver\src\stm32f10x_bkp.c

   * Component: Keil::Device:StdPeriph Drivers:DMA:3.5.0
      Include file:  Device\StdPeriph_Driver\inc\stm32f10x_dma.h
      Source file:   Device\StdPeriph_Driver\src\stm32f10x_dma.c

   * Component: Keil::Device:StdPeriph Drivers:EXTI:3.5.0
      Include file:  Device\StdPeriph_Driver\inc\stm32f10x_exti.h
      Source file:   Device\StdPeriph_Driver\src\stm32f10x_exti.c

   * Component: Keil::Device:StdPeriph Drivers:Flash:3.5.0
      Include file:  Device\StdPeriph_Driver\inc\stm32f10x_flash.h
      Source file:   Device\StdPeriph_Driver\src\stm32f10x_flash.c

   * Component: Keil::Device:StdPeriph Drivers:Framework:3.5.1
      Include file:  Device\StdPeriph_Driver\templates\stm32f10x_it.h
      Source file:   Device\StdPeriph_Driver\templates\stm32f10x_it.c
      Include file:  Device\StdPeriph_Driver\inc\misc.h
      Source file:   Device\StdPeriph_Driver\templates\stm32f10x_conf.h
      Source file:   Device\StdPeriph_Driver\src\misc.c

   * Component: Keil::Device:StdPeriph Drivers:GPIO:3.5.0
      Include file:  Device\StdPeriph_Driver\inc\stm32f10x_gpio.h
      Source file:   Device\StdPeriph_Driver\src\stm32f10x_gpio.c

   * Component: Keil::Device:StdPeriph Drivers:IWDG:3.5.0
      Include file:  Device\StdPeriph_Driver\inc\stm32f10x_iwdg.h
      Source file:   Device\StdPeriph_Driver\src\stm32f10x_iwdg.c

   * Component: Keil::Device:StdPeriph Drivers:PWR:3.5.0
      Source file:   Device\StdPeriph_Driver\src\stm32f10x_pwr.c
      Include file:  Device\StdPeriph_Driver\inc\stm32f10x_pwr.h

   * Component: Keil::Device:StdPeriph Drivers:RCC:3.5.0
      Include file:  Device\StdPeriph_Driver\inc\stm32f10x_rcc.h
      Source file:   Device\StdPeriph_Driver\src\stm32f10x_rcc.c

   * Component: Keil::Device:StdPeriph Drivers:RTC:3.5.0
      Source file:   Device\StdPeriph_Driver\src\stm32f10x_rtc.c
      Include file:  Device\StdPeriph_Driver\inc\stm32f10x_rtc.h

   * Component: Keil::Device:StdPeriph Drivers:TIM:3.5.0
      Source file:   Device\StdPeriph_Driver\src\stm32f10x_tim.c
      Include file:  Device\StdPeriph_Driver\inc\stm32f10x_tim.h

   * Component: Keil::Device:StdPeriph Drivers:USART:3.5.0
      Include file:  Device\StdPeriph_Driver\inc\stm32f10x_usart.h
      Source file:   Device\StdPeriph_Driver\src\stm32f10x_usart.c
Build Time Elapsed:  00:00:21
</pre>
</body>
</html>
