<html>
<body>
<pre>
<h1>µVision Build Log</h1>
<h2>Tool Versions:</h2>
IDE-Version: ¦ÌVision V5.26.2.0
Copyright (C) 2018 ARM Ltd and ARM Germany GmbH. All rights reserved.
License Information: ÓÀÀû ½ª, Shoulder, LIC=MPP74-F2FY9-FI352-9KBKN-RR77F-TMXIS
 
Tool Versions:
Toolchain:       MDK-ARM Plus  Version: 5.26.2.0
Toolchain Path:  D:\Program Files\Keil_V5\ARM\ARMCC\Bin
C Compiler:      Armcc.exe V5.06 update 6 (build 750)
Assembler:       Armasm.exe V5.06 update 6 (build 750)
Linker/Locator:  ArmLink.exe V5.06 update 6 (build 750)
Library Manager: ArmAr.exe V5.06 update 6 (build 750)
Hex Converter:   FromElf.exe V5.06 update 6 (build 750)
CPU DLL:         SARMCM3.DLL V5.26.2.0
Dialog DLL:      DARMSTM.DLL V1.68.0.0
Target DLL:      STLink\ST-LINKIII-KEIL_SWO.dll V3.0.5.0
Dialog DLL:      DARMSTM.DLL V1.68.0.0
 
<h2>Project:</h2>
D:\MCUWorkspace\modbus\Projects\modbus.uvprojx
Project File Date:  12/21/2019

<h2>Output:</h2>
*** Using Compiler 'V5.06 update 6 (build 750)', folder: 'D:\Program Files\Keil_V5\ARM\ARMCC\Bin'
Build target 'modbus'
compiling modbus_slave.c...
..\protocol\src\modbus_slave.c(118): warning:  #177-D: function "MODS_ReadRegValue"  was declared but never referenced
  static uint8_t MODS_ReadRegValue(uint16_t reg_addr, uint8_t *reg_value)
..\protocol\src\modbus_slave.c: 1 warning, 0 errors
linking...
Program Size: Code=7156 RO-data=848 RW-data=136 ZI-data=3232  
FromELF: creating hex file...
".\Objects\modbus.axf" - 0 Error(s), 1 Warning(s).

<h2>Software Packages used:</h2>

Package Vendor: ARM
                http://www.keil.com/pack/ARM.CMSIS.5.6.0.pack
                ARM.CMSIS.5.6.0
                CMSIS (Cortex Microcontroller Software Interface Standard)
   * Component: CORE Version: 5.3.0

Package Vendor: Keil
                http://www.keil.com/pack/Keil.STM32F1xx_DFP.2.3.0.pack
                Keil.STM32F1xx_DFP.2.3.0
                STMicroelectronics STM32F1 Series Device Support, Drivers and Examples
   * Component: Startup Version: 1.0.0
   * Component: BKP Version: 3.5.0
   * Component: DMA Version: 3.5.0
   * Component: EXTI Version: 3.5.0
   * Component: Flash Version: 3.5.0
   * Component: Framework Version: 3.5.1
   * Component: GPIO Version: 3.5.0
   * Component: IWDG Version: 3.5.0
   * Component: PWR Version: 3.5.0
   * Component: RCC Version: 3.5.0
   * Component: RTC Version: 3.5.0
   * Component: TIM Version: 3.5.0
   * Component: USART Version: 3.5.0

<h2>Collection of Component include folders:</h2>
  .\RTE\Device\STM32F103RC
  .\RTE\_modbus
  D:\Program Files\Keil_V5\ARM\PACK\ARM\CMSIS\5.6.0\CMSIS\Core\Include
  D:\Program Files\Keil_V5\ARM\PACK\Keil\STM32F1xx_DFP\2.3.0\Device\Include
  D:\Program Files\Keil_V5\ARM\PACK\Keil\STM32F1xx_DFP\2.3.0\Device\StdPeriph_Driver\inc

<h2>Collection of Component Files used:</h2>

   * Component: ARM::CMSIS:CORE:5.3.0

   * Component: Keil::Device:Startup:1.0.0
      Source file:   Device\Source\ARM\startup_stm32f10x_hd.s
      Source file:   Device\Source\ARM\STM32F1xx_OPT.s
      Source file:   Device\Source\system_stm32f10x.c
      Include file:  RTE_Driver\Config\RTE_Device.h

   * Component: Keil::Device:StdPeriph Drivers:BKP:3.5.0
      Include file:  Device\StdPeriph_Driver\inc\stm32f10x_bkp.h
      Source file:   Device\StdPeriph_Driver\src\stm32f10x_bkp.c

   * Component: Keil::Device:StdPeriph Drivers:DMA:3.5.0
      Include file:  Device\StdPeriph_Driver\inc\stm32f10x_dma.h
      Source file:   Device\StdPeriph_Driver\src\stm32f10x_dma.c

   * Component: Keil::Device:StdPeriph Drivers:EXTI:3.5.0
      Include file:  Device\StdPeriph_Driver\inc\stm32f10x_exti.h
      Source file:   Device\StdPeriph_Driver\src\stm32f10x_exti.c

   * Component: Keil::Device:StdPeriph Drivers:Flash:3.5.0
      Include file:  Device\StdPeriph_Driver\inc\stm32f10x_flash.h
      Source file:   Device\StdPeriph_Driver\src\stm32f10x_flash.c

   * Component: Keil::Device:StdPeriph Drivers:Framework:3.5.1
      Include file:  Device\StdPeriph_Driver\templates\stm32f10x_it.h
      Source file:   Device\StdPeriph_Driver\templates\stm32f10x_it.c
      Include file:  Device\StdPeriph_Driver\inc\misc.h
      Source file:   Device\StdPeriph_Driver\templates\stm32f10x_conf.h
      Source file:   Device\StdPeriph_Driver\src\misc.c

   * Component: Keil::Device:StdPeriph Drivers:GPIO:3.5.0
      Include file:  Device\StdPeriph_Driver\inc\stm32f10x_gpio.h
      Source file:   Device\StdPeriph_Driver\src\stm32f10x_gpio.c

   * Component: Keil::Device:StdPeriph Drivers:IWDG:3.5.0
      Include file:  Device\StdPeriph_Driver\inc\stm32f10x_iwdg.h
      Source file:   Device\StdPeriph_Driver\src\stm32f10x_iwdg.c

   * Component: Keil::Device:StdPeriph Drivers:PWR:3.5.0
      Source file:   Device\StdPeriph_Driver\src\stm32f10x_pwr.c
      Include file:  Device\StdPeriph_Driver\inc\stm32f10x_pwr.h

   * Component: Keil::Device:StdPeriph Drivers:RCC:3.5.0
      Include file:  Device\StdPeriph_Driver\inc\stm32f10x_rcc.h
      Source file:   Device\StdPeriph_Driver\src\stm32f10x_rcc.c

   * Component: Keil::Device:StdPeriph Drivers:RTC:3.5.0
      Source file:   Device\StdPeriph_Driver\src\stm32f10x_rtc.c
      Include file:  Device\StdPeriph_Driver\inc\stm32f10x_rtc.h

   * Component: Keil::Device:StdPeriph Drivers:TIM:3.5.0
      Source file:   Device\StdPeriph_Driver\src\stm32f10x_tim.c
      Include file:  Device\StdPeriph_Driver\inc\stm32f10x_tim.h

   * Component: Keil::Device:StdPeriph Drivers:USART:3.5.0
      Include file:  Device\StdPeriph_Driver\inc\stm32f10x_usart.h
      Source file:   Device\StdPeriph_Driver\src\stm32f10x_usart.c
Build Time Elapsed:  00:00:01
</pre>
</body>
</html>
